Java HotSpot(TM) 64-Bit Server VM (25.121-b13) for bsd-amd64 JRE (1.8.0_121-b13), built on Dec 12 2016 20:39:32 by "java_re" with gcc 4.2.1 (Based on Apple Inc. build 5658) (LLVM build 2336.11.00)
Memory: 4k page, physical 6291456k(1291252k free)

/proc/meminfo:

CommandLine flags: -XX:+DisableExplicitGC -XX:InitialHeapSize=536870912 -XX:InitiatingHeapOccupancyPercent=35 -XX:+ManagementServer -XX:MaxGCPauseMillis=20 -XX:MaxHeapSize=536870912 -XX:+PrintGC -XX:+PrintGCDateStamps -XX:+PrintGCDetails -XX:+PrintGCTimeStamps -XX:+UseCompressedClassPointers -XX:+UseCompressedOops -XX:+UseG1GC 
2017-03-24T13:40:21.433+0500: 31.074: [GC pause (G1 Evacuation Pause) (young), 0.0128184 secs]
   [Parallel Time: 9.7 ms, GC Workers: 2]
      [GC Worker Start (ms): Min: 31074.3, Avg: 31074.3, Max: 31074.3, Diff: 0.1]
      [Ext Root Scanning (ms): Min: 1.5, Avg: 2.1, Max: 2.8, Diff: 1.3, Sum: 4.3]
      [Update RS (ms): Min: 0.0, Avg: 0.0, Max: 0.0, Diff: 0.0, Sum: 0.0]
         [Processed Buffers: Min: 0, Avg: 0.0, Max: 0, Diff: 0, Sum: 0]
      [Scan RS (ms): Min: 0.0, Avg: 0.0, Max: 0.0, Diff: 0.0, Sum: 0.0]
      [Code Root Scanning (ms): Min: 0.7, Avg: 0.7, Max: 0.7, Diff: 0.0, Sum: 1.4]
      [Object Copy (ms): Min: 6.1, Avg: 6.7, Max: 7.2, Diff: 1.1, Sum: 13.3]
      [Termination (ms): Min: 0.0, Avg: 0.0, Max: 0.0, Diff: 0.0, Sum: 0.0]
         [Termination Attempts: Min: 1, Avg: 1.0, Max: 1, Diff: 0, Sum: 2]
      [GC Worker Other (ms): Min: 0.0, Avg: 0.1, Max: 0.2, Diff: 0.1, Sum: 0.2]
      [GC Worker Total (ms): Min: 9.6, Avg: 9.6, Max: 9.6, Diff: 0.0, Sum: 19.2]
      [GC Worker End (ms): Min: 31083.9, Avg: 31083.9, Max: 31083.9, Diff: 0.0]
   [Code Root Fixup: 0.5 ms]
   [Code Root Purge: 0.0 ms]
   [Clear CT: 0.1 ms]
   [Other: 2.5 ms]
      [Choose CSet: 0.0 ms]
      [Ref Proc: 2.1 ms]
      [Ref Enq: 0.0 ms]
      [Redirty Cards: 0.0 ms]
      [Humongous Register: 0.1 ms]
      [Humongous Reclaim: 0.0 ms]
      [Free CSet: 0.1 ms]
   [Eden: 25.0M(25.0M)->0.0B(21.0M) Survivors: 0.0B->4096.0K Heap: 25.0M(512.0M)->3319.2K(512.0M)]
 [Times: user=0.02 sys=0.01, real=0.01 secs] 
2017-03-24T15:02:29.615+0500: 4959.314: [GC pause (G1 Evacuation Pause) (young), 0.0337587 secs]
   [Parallel Time: 29.0 ms, GC Workers: 2]
      [GC Worker Start (ms): Min: 4959315.3, Avg: 4959315.3, Max: 4959315.3, Diff: 0.1]
      [Ext Root Scanning (ms): Min: 3.8, Avg: 4.7, Max: 5.6, Diff: 1.8, Sum: 9.4]
      [Update RS (ms): Min: 0.0, Avg: 0.0, Max: 0.0, Diff: 0.0, Sum: 0.0]
         [Processed Buffers: Min: 0, Avg: 0.0, Max: 0, Diff: 0, Sum: 0]
      [Scan RS (ms): Min: 0.0, Avg: 0.0, Max: 0.0, Diff: 0.0, Sum: 0.0]
      [Code Root Scanning (ms): Min: 0.9, Avg: 1.7, Max: 2.4, Diff: 1.5, Sum: 3.3]
      [Object Copy (ms): Min: 20.8, Avg: 22.5, Max: 24.1, Diff: 3.3, Sum: 45.0]
      [Termination (ms): Min: 0.0, Avg: 0.0, Max: 0.0, Diff: 0.0, Sum: 0.0]
         [Termination Attempts: Min: 1, Avg: 1.0, Max: 1, Diff: 0, Sum: 2]
      [GC Worker Other (ms): Min: 0.0, Avg: 0.0, Max: 0.0, Diff: 0.0, Sum: 0.1]
      [GC Worker Total (ms): Min: 28.9, Avg: 28.9, Max: 28.9, Diff: 0.1, Sum: 57.8]
      [GC Worker End (ms): Min: 4959344.2, Avg: 4959344.2, Max: 4959344.2, Diff: 0.0]
   [Code Root Fixup: 1.0 ms]
   [Code Root Purge: 0.0 ms]
   [Clear CT: 0.1 ms]
   [Other: 3.7 ms]
      [Choose CSet: 0.0 ms]
      [Ref Proc: 1.6 ms]
      [Ref Enq: 0.0 ms]
      [Redirty Cards: 0.0 ms]
      [Humongous Register: 1.4 ms]
      [Humongous Reclaim: 0.0 ms]
      [Free CSet: 0.3 ms]
   [Eden: 21.0M(21.0M)->0.0B(23.0M) Survivors: 4096.0K->2048.0K Heap: 24.2M(512.0M)->3559.5K(512.0M)]
 [Times: user=0.02 sys=0.02, real=0.05 secs] 
2017-03-24T19:52:42.138+0500: 22372.036: [GC pause (G1 Evacuation Pause) (young), 0.3291958 secs]
   [Parallel Time: 280.3 ms, GC Workers: 2]
      [GC Worker Start (ms): Min: 22372071.5, Avg: 22372071.8, Max: 22372072.1, Diff: 0.7]
      [Ext Root Scanning (ms): Min: 80.4, Avg: 91.4, Max: 102.3, Diff: 21.8, Sum: 182.7]
      [Update RS (ms): Min: 78.8, Avg: 93.6, Max: 108.5, Diff: 29.7, Sum: 187.3]
         [Processed Buffers: Min: 2, Avg: 4.0, Max: 6, Diff: 4, Sum: 8]
      [Scan RS (ms): Min: 0.0, Avg: 0.3, Max: 0.5, Diff: 0.5, Sum: 0.6]
      [Code Root Scanning (ms): Min: 0.0, Avg: 1.1, Max: 2.3, Diff: 2.3, Sum: 2.3]
      [Object Copy (ms): Min: 80.4, Avg: 83.3, Max: 86.2, Diff: 5.8, Sum: 166.6]
      [Termination (ms): Min: 0.0, Avg: 5.1, Max: 10.1, Diff: 10.1, Sum: 10.1]
         [Termination Attempts: Min: 1, Avg: 1.0, Max: 1, Diff: 0, Sum: 2]
      [GC Worker Other (ms): Min: 0.1, Avg: 0.1, Max: 0.1, Diff: 0.0, Sum: 0.1]
      [GC Worker Total (ms): Min: 270.2, Avg: 274.9, Max: 279.5, Diff: 9.3, Sum: 549.7]
      [GC Worker End (ms): Min: 22372341.6, Avg: 22372346.7, Max: 22372351.7, Diff: 10.0]
   [Code Root Fixup: 0.4 ms]
   [Code Root Purge: 0.1 ms]
   [Clear CT: 0.1 ms]
   [Other: 48.3 ms]
      [Choose CSet: 0.0 ms]
      [Ref Proc: 10.8 ms]
      [Ref Enq: 0.0 ms]
      [Redirty Cards: 0.1 ms]
      [Humongous Register: 12.0 ms]
      [Humongous Reclaim: 0.0 ms]
      [Free CSet: 0.3 ms]
   [Eden: 23.0M(23.0M)->0.0B(23.0M) Survivors: 2048.0K->2048.0K Heap: 26.5M(512.0M)->3527.1K(512.0M)]
 [Times: user=0.01 sys=0.05, real=0.35 secs] 
2017-03-25T00:51:20.090+0500: 40290.198: [GC pause (G1 Evacuation Pause) (young), 0.0136013 secs]
   [Parallel Time: 11.0 ms, GC Workers: 2]
      [GC Worker Start (ms): Min: 40290199.5, Avg: 40290199.5, Max: 40290199.6, Diff: 0.0]
      [Ext Root Scanning (ms): Min: 4.2, Avg: 5.8, Max: 7.4, Diff: 3.2, Sum: 11.5]
      [Update RS (ms): Min: 0.0, Avg: 0.3, Max: 0.6, Diff: 0.6, Sum: 0.6]
         [Processed Buffers: Min: 0, Avg: 3.5, Max: 7, Diff: 7, Sum: 7]
      [Scan RS (ms): Min: 0.2, Avg: 0.4, Max: 0.7, Diff: 0.5, Sum: 0.8]
      [Code Root Scanning (ms): Min: 0.6, Avg: 1.9, Max: 3.2, Diff: 2.7, Sum: 3.8]
      [Object Copy (ms): Min: 2.1, Avg: 2.4, Max: 2.8, Diff: 0.7, Sum: 4.9]
      [Termination (ms): Min: 0.0, Avg: 0.0, Max: 0.0, Diff: 0.0, Sum: 0.0]
         [Termination Attempts: Min: 1, Avg: 1.0, Max: 1, Diff: 0, Sum: 2]
      [GC Worker Other (ms): Min: 0.0, Avg: 0.0, Max: 0.0, Diff: 0.0, Sum: 0.1]
      [GC Worker Total (ms): Min: 10.9, Avg: 10.9, Max: 10.9, Diff: 0.0, Sum: 21.8]
      [GC Worker End (ms): Min: 40290210.4, Avg: 40290210.4, Max: 40290210.4, Diff: 0.0]
   [Code Root Fixup: 0.3 ms]
   [Code Root Purge: 0.0 ms]
   [Clear CT: 0.1 ms]
   [Other: 2.3 ms]
      [Choose CSet: 0.0 ms]
      [Ref Proc: 0.1 ms]
      [Ref Enq: 0.0 ms]
      [Redirty Cards: 0.0 ms]
      [Humongous Register: 1.5 ms]
      [Humongous Reclaim: 0.0 ms]
      [Free CSet: 0.1 ms]
   [Eden: 23.0M(23.0M)->0.0B(24.0M) Survivors: 2048.0K->1024.0K Heap: 26.4M(512.0M)->2546.7K(512.0M)]
 [Times: user=0.00 sys=0.01, real=0.02 secs] 
Heap
 garbage-first heap   total 524288K, used 6642K [0x00000007a0000000, 0x00000007a0101000, 0x00000007c0000000)
  region size 1024K, 6 young (6144K), 1 survivors (1024K)
 Metaspace       used 10558K, capacity 10772K, committed 11136K, reserved 1058816K
  class space    used 1209K, capacity 1286K, committed 1408K, reserved 1048576K
